[     178ms] [WARNING] Image "wood-pattern" could not be loaded. Please make sure you have added the image with map.addImage() or a "sprite" property in your style. You can provide missing images by listening for the "styleimagemissing" map event. @ https://unpkg.com/maplibre-gl@5.7.0/dist/maplibre-gl.js:41
[   54034ms] [WARNING] cannot calculate elevation if elevation maxzoom > source.maxzoom @ https://unpkg.com/maplibre-gl@5.7.0/dist/maplibre-gl.js:41
[   90607ms] Uncaught TypeError: Cannot read properties of undefined (reading 'key')
    at _updateRetainedTiles (https://unpkg.com/maplibre-gl@5.7.0/dist/maplibre-gl.js:45:71676)
    at update (https://unpkg.com/maplibre-gl@5.7.0/dist/maplibre-gl.js:45:70564)
    at _updateSources (https://unpkg.com/maplibre-gl@5.7.0/dist/maplibre-gl.js:45:296432)
    at _render (https://unpkg.com/maplibre-gl@5.7.0/dist/maplibre-gl.js:45:515543)
    at <anonymous> (https://unpkg.com/maplibre-gl@5.7.0/dist/maplibre-gl.js:45:518282)
    at <anonymous> (https://unpkg.com/maplibre-gl@5.7.0/dist/maplibre-gl.js:45:357)
[   90615ms] Uncaught TypeError: Cannot read properties of undefined (reading 'key')
    at _updateRetainedTiles (https://unpkg.com/maplibre-gl@5.7.0/dist/maplibre-gl.js:45:71676)
    at update (https://unpkg.com/maplibre-gl@5.7.0/dist/maplibre-gl.js:45:70564)
    at _updateSources (https://unpkg.com/maplibre-gl@5.7.0/dist/maplibre-gl.js:45:296432)
    at _render (https://unpkg.com/maplibre-gl@5.7.0/dist/maplibre-gl.js:45:515543)
    at <anonymous> (https://unpkg.com/maplibre-gl@5.7.0/dist/maplibre-gl.js:45:518282)
    at <anonymous> (https://unpkg.com/maplibre-gl@5.7.0/dist/maplibre-gl.js:45:357)
[   90630ms] Uncaught TypeError: Cannot read properties of undefined (reading 'key')
    at _updateRetainedTiles (https://unpkg.com/maplibre-gl@5.7.0/dist/maplibre-gl.js:45:71676)
    at update (https://unpkg.com/maplibre-gl@5.7.0/dist/maplibre-gl.js:45:70564)
    at _updateSources (https://unpkg.com/maplibre-gl@5.7.0/dist/maplibre-gl.js:45:296432)
    at _render (https://unpkg.com/maplibre-gl@5.7.0/dist/maplibre-gl.js:45:515543)
    at <anonymous> (https://unpkg.com/maplibre-gl@5.7.0/dist/maplibre-gl.js:45:518282)
    at <anonymous> (https://unpkg.com/maplibre-gl@5.7.0/dist/maplibre-gl.js:45:357)
[   90654ms] Uncaught TypeError: Cannot read properties of undefined (reading 'key')
    at _updateRetainedTiles (https://unpkg.com/maplibre-gl@5.7.0/dist/maplibre-gl.js:45:71676)
    at update (https://unpkg.com/maplibre-gl@5.7.0/dist/maplibre-gl.js:45:70564)
    at _updateSources (https://unpkg.com/maplibre-gl@5.7.0/dist/maplibre-gl.js:45:296432)
    at _render (https://unpkg.com/maplibre-gl@5.7.0/dist/maplibre-gl.js:45:515543)
    at <anonymous> (https://unpkg.com/maplibre-gl@5.7.0/dist/maplibre-gl.js:45:518282)
    at <anonymous> (https://unpkg.com/maplibre-gl@5.7.0/dist/maplibre-gl.js:45:357)
[   90658ms] Uncaught TypeError: Cannot read properties of undefined (reading 'key')
    at _updateRetainedTiles (https://unpkg.com/maplibre-gl@5.7.0/dist/maplibre-gl.js:45:71676)
    at update (https://unpkg.com/maplibre-gl@5.7.0/dist/maplibre-gl.js:45:70564)
    at _updateSources (https://unpkg.com/maplibre-gl@5.7.0/dist/maplibre-gl.js:45:296432)
    at _render (https://unpkg.com/maplibre-gl@5.7.0/dist/maplibre-gl.js:45:515543)
    at <anonymous> (https://unpkg.com/maplibre-gl@5.7.0/dist/maplibre-gl.js:45:518282)
    at <anonymous> (https://unpkg.com/maplibre-gl@5.7.0/dist/maplibre-gl.js:45:357)
[   90665ms] Uncaught TypeError: Cannot read properties of undefined (reading 'key')
    at _updateRetainedTiles (https://unpkg.com/maplibre-gl@5.7.0/dist/maplibre-gl.js:45:71676)
    at update (https://unpkg.com/maplibre-gl@5.7.0/dist/maplibre-gl.js:45:70564)
    at _updateSources (https://unpkg.com/maplibre-gl@5.7.0/dist/maplibre-gl.js:45:296432)
    at _render (https://unpkg.com/maplibre-gl@5.7.0/dist/maplibre-gl.js:45:515543)
    at <anonymous> (https://unpkg.com/maplibre-gl@5.7.0/dist/maplibre-gl.js:45:518282)
    at <anonymous> (https://unpkg.com/maplibre-gl@5.7.0/dist/maplibre-gl.js:45:357)
[   90674ms] Uncaught TypeError: Cannot read properties of undefined (reading 'key')
    at _updateRetainedTiles (https://unpkg.com/maplibre-gl@5.7.0/dist/maplibre-gl.js:45:71676)
    at update (https://unpkg.com/maplibre-gl@5.7.0/dist/maplibre-gl.js:45:70564)
    at _updateSources (https://unpkg.com/maplibre-gl@5.7.0/dist/maplibre-gl.js:45:296432)
    at _render (https://unpkg.com/maplibre-gl@5.7.0/dist/maplibre-gl.js:45:515543)
    at <anonymous> (https://unpkg.com/maplibre-gl@5.7.0/dist/maplibre-gl.js:45:518282)
    at <anonymous> (https://unpkg.com/maplibre-gl@5.7.0/dist/maplibre-gl.js:45:357)
[   90682ms] Uncaught TypeError: Cannot read properties of undefined (reading 'key')
    at _updateRetainedTiles (https://unpkg.com/maplibre-gl@5.7.0/dist/maplibre-gl.js:45:71676)
    at update (https://unpkg.com/maplibre-gl@5.7.0/dist/maplibre-gl.js:45:70564)
    at _updateSources (https://unpkg.com/maplibre-gl@5.7.0/dist/maplibre-gl.js:45:296432)
    at _render (https://unpkg.com/maplibre-gl@5.7.0/dist/maplibre-gl.js:45:515543)
    at <anonymous> (https://unpkg.com/maplibre-gl@5.7.0/dist/maplibre-gl.js:45:518282)
    at <anonymous> (https://unpkg.com/maplibre-gl@5.7.0/dist/maplibre-gl.js:45:357)
[   90690ms] Uncaught TypeError: Cannot read properties of undefined (reading 'key')
    at _updateRetainedTiles (https://unpkg.com/maplibre-gl@5.7.0/dist/maplibre-gl.js:45:71676)
    at update (https://unpkg.com/maplibre-gl@5.7.0/dist/maplibre-gl.js:45:70564)
    at _updateSources (https://unpkg.com/maplibre-gl@5.7.0/dist/maplibre-gl.js:45:296432)
    at _render (https://unpkg.com/maplibre-gl@5.7.0/dist/maplibre-gl.js:45:515543)
    at <anonymous> (https://unpkg.com/maplibre-gl@5.7.0/dist/maplibre-gl.js:45:518282)
    at <anonymous> (https://unpkg.com/maplibre-gl@5.7.0/dist/maplibre-gl.js:45:357)
[   90698ms] Uncaught TypeError: Cannot read properties of undefined (reading 'key')
    at _updateRetainedTiles (https://unpkg.com/maplibre-gl@5.7.0/dist/maplibre-gl.js:45:71676)
    at update (https://unpkg.com/maplibre-gl@5.7.0/dist/maplibre-gl.js:45:70564)
    at _updateSources (https://unpkg.com/maplibre-gl@5.7.0/dist/maplibre-gl.js:45:296432)
    at _render (https://unpkg.com/maplibre-gl@5.7.0/dist/maplibre-gl.js:45:515543)
    at <anonymous> (https://unpkg.com/maplibre-gl@5.7.0/dist/maplibre-gl.js:45:518282)
    at <anonymous> (https://unpkg.com/maplibre-gl@5.7.0/dist/maplibre-gl.js:45:357)
[   90707ms] Uncaught TypeError: Cannot read properties of undefined (reading 'key')
    at _updateRetainedTiles (https://unpkg.com/maplibre-gl@5.7.0/dist/maplibre-gl.js:45:71676)
    at update (https://unpkg.com/maplibre-gl@5.7.0/dist/maplibre-gl.js:45:70564)
    at _updateSources (https://unpkg.com/maplibre-gl@5.7.0/dist/maplibre-gl.js:45:296432)
    at _render (https://unpkg.com/maplibre-gl@5.7.0/dist/maplibre-gl.js:45:515543)
    at <anonymous> (https://unpkg.com/maplibre-gl@5.7.0/dist/maplibre-gl.js:45:518282)
    at <anonymous> (https://unpkg.com/maplibre-gl@5.7.0/dist/maplibre-gl.js:45:357)
[   90720ms] Uncaught TypeError: Cannot read properties of undefined (reading 'key')
    at _updateRetainedTiles (https://unpkg.com/maplibre-gl@5.7.0/dist/maplibre-gl.js:45:71676)
    at update (https://unpkg.com/maplibre-gl@5.7.0/dist/maplibre-gl.js:45:70564)
    at _updateSources (https://unpkg.com/maplibre-gl@5.7.0/dist/maplibre-gl.js:45:296432)
    at _render (https://unpkg.com/maplibre-gl@5.7.0/dist/maplibre-gl.js:45:515543)
    at <anonymous> (https://unpkg.com/maplibre-gl@5.7.0/dist/maplibre-gl.js:45:518282)
    at <anonymous> (https://unpkg.com/maplibre-gl@5.7.0/dist/maplibre-gl.js:45:357)
[   90732ms] Uncaught TypeError: Cannot read properties of undefined (reading 'key')
    at _updateRetainedTiles (https://unpkg.com/maplibre-gl@5.7.0/dist/maplibre-gl.js:45:71676)
    at update (https://unpkg.com/maplibre-gl@5.7.0/dist/maplibre-gl.js:45:70564)
    at _updateSources (https://unpkg.com/maplibre-gl@5.7.0/dist/maplibre-gl.js:45:296432)
    at _render (https://unpkg.com/maplibre-gl@5.7.0/dist/maplibre-gl.js:45:515543)
    at <anonymous> (https://unpkg.com/maplibre-gl@5.7.0/dist/maplibre-gl.js:45:518282)
    at <anonymous> (https://unpkg.com/maplibre-gl@5.7.0/dist/maplibre-gl.js:45:357)
[   90745ms] Uncaught TypeError: Cannot read properties of undefined (reading 'key')
    at _updateRetainedTiles (https://unpkg.com/maplibre-gl@5.7.0/dist/maplibre-gl.js:45:71676)
    at update (https://unpkg.com/maplibre-gl@5.7.0/dist/maplibre-gl.js:45:70564)
    at _updateSources (https://unpkg.com/maplibre-gl@5.7.0/dist/maplibre-gl.js:45:296432)
    at _render (https://unpkg.com/maplibre-gl@5.7.0/dist/maplibre-gl.js:45:515543)
    at <anonymous> (https://unpkg.com/maplibre-gl@5.7.0/dist/maplibre-gl.js:45:518282)
    at <anonymous> (https://unpkg.com/maplibre-gl@5.7.0/dist/maplibre-gl.js:45:357)
